// Jest Snapshot v1, https://goo.gl/fbAQLP

exports[`Footer Should match the snapshot 1`] = `[Function]`;
