// Jest Snapshot v1, https://goo.gl/fbAQLP

exports[`AuthButton Should match the snapshot 1`] = `[Function]`;
