// Jest Snapshot v1, https://goo.gl/fbAQLP

exports[`Header Should match the snapshot 1`] = `[Function]`;
